#
# There is insufficient memory for the Java Runtime Environment to continue.
# Native memory allocation (malloc) failed to allocate 1597920 bytes. Error detail: Chunk::new
# Possible reasons:
#   The system is out of physical RAM or swap space
#   This process is running with CompressedOops enabled, and the Java Heap may be blocking the growth of the native heap
# Possible solutions:
#   Reduce memory load on the system
#   Increase physical memory or swap space
#   Check if swap backing store is full
#   Decrease Java heap size (-Xmx/-Xms)
#   Decrease number of Java threads
#   Decrease Java thread stack sizes (-Xss)
#   Set larger code cache with -XX:ReservedCodeCacheSize=
#   JVM is running with Unscaled Compressed Oops mode in which the Java heap is
#     placed in the first 4GB address space. The Java Heap base address is the
#     maximum limit for the native heap growth. Please use -XX:HeapBaseMinAddress
#     to set the Java Heap base and to place the Java Heap above 4GB virtual address.
# This output file may be truncated or incomplete.
#
#  Out of Memory Error (arena.cpp:168), pid=17596, tid=31288
#
# JRE version: OpenJDK Runtime Environment Temurin-21.0.10+7 (21.0.10+7) (build 21.0.10+7-LTS)
# Java VM: OpenJDK 64-Bit Server VM Temurin-21.0.10+7 (21.0.10+7-LTS, mixed mode, sharing, tiered, compressed oops, compressed class ptrs, g1 gc, windows-amd64)
# No core dump will be written. Minidumps are not enabled by default on client versions of Windows
#

---------------  S U M M A R Y ------------

Command Line: org.jetbrains.kotlin.cli.jvm.K2JVMCompiler @C:\Users\Lenovo\Downloads\portofolio\flutter\packages\flutter_tools\gradle\build\20260622_13851939224937847516.compiler.options

Host: AMD Ryzen 7 5700U with Radeon Graphics         , 16 cores, 7G,  Windows 11 , 64 bit Build 26100 (10.0.26100.8521)
Time: Mon Jun 22 01:14:48 2026 SE Asia Standard Time elapsed time: 49.355133 seconds (0d 0h 0m 49s)

---------------  T H R E A D  ---------------

Current thread (0x000001cfa35349e0):  JavaThread "C2 CompilerThread0" daemon [_thread_in_native, id=31288, stack(0x00000022b5500000,0x00000022b5600000) (1024K)]


Current CompileTask:
C2:49355 18837       4       org.jetbrains.kotlin.types.AbstractTypeMapper::mapType (581 bytes)

Stack: [0x00000022b5500000,0x00000022b5600000]
Native frames: (J=compiled Java code, j=interpreted, Vv=VM code, C=native code)
V  [jvm.dll+0x6d7a39]
V  [jvm.dll+0x8b4b26]
V  [jvm.dll+0x8b70de]
V  [jvm.dll+0x8b77c3]
V  [jvm.dll+0x284346]
V  [jvm.dll+0xc66ed]
V  [jvm.dll+0xc6c31]
V  [jvm.dll+0x3bec3b]
V  [jvm.dll+0x38b162]
V  [jvm.dll+0x38a5aa]
V  [jvm.dll+0x24c560]
V  [jvm.dll+0x24bb40]
V  [jvm.dll+0x1cb34e]
V  [jvm.dll+0x25b85d]
V  [jvm.dll+0x259dea]
V  [jvm.dll+0x3f857e]
V  [jvm.dll+0x85f59d]
V  [jvm.dll+0x6d626d]
C  [ucrtbase.dll+0x2cd30]
C  [KERNEL32.DLL+0x2e957]
C  [ntdll.dll+0x87c1c]


---------------  P R O C E S S  ---------------

Threads class SMR info:
_java_thread_list=0x000001cf80674410, length=16, elements={
0x000001cf8941b8d0, 0x000001cfa3515c40, 0x000001cfa3519220, 0x000001cfa351f200,
0x000001cfa351fff0, 0x000001cfa3525990, 0x000001cfa3532440, 0x000001cfa35349e0,
0x000001cfa35398b0, 0x000001cfa3879890, 0x000001cfa3895a60, 0x000001cfa3531720,
0x000001cfa3530370, 0x000001cfead7dd40, 0x000001cfebfc9860, 0x000001cfefcf8df0
}

Java Threads: ( => current thread )
  0x000001cf8941b8d0 JavaThread "main"                              [_thread_in_vm, id=16504, stack(0x00000022b4700000,0x00000022b4800000) (1024K)]
  0x000001cfa3515c40 JavaThread "Reference Handler"          daemon [_thread_blocked, id=27492, stack(0x00000022b4f00000,0x00000022b5000000) (1024K)]
  0x000001cfa3519220 JavaThread "Finalizer"                  daemon [_thread_blocked, id=30136, stack(0x00000022b5000000,0x00000022b5100000) (1024K)]
  0x000001cfa351f200 JavaThread "Signal Dispatcher"          daemon [_thread_blocked, id=2900, stack(0x00000022b5100000,0x00000022b5200000) (1024K)]
  0x000001cfa351fff0 JavaThread "Attach Listener"            daemon [_thread_blocked, id=36924, stack(0x00000022b5200000,0x00000022b5300000) (1024K)]
  0x000001cfa3525990 JavaThread "Service Thread"             daemon [_thread_blocked, id=6800, stack(0x00000022b5300000,0x00000022b5400000) (1024K)]
  0x000001cfa3532440 JavaThread "Monitor Deflation Thread"   daemon [_thread_blocked, id=13076, stack(0x00000022b5400000,0x00000022b5500000) (1024K)]
=>0x000001cfa35349e0 JavaThread "C2 CompilerThread0"         daemon [_thread_in_native, id=31288, stack(0x00000022b5500000,0x00000022b5600000) (1024K)]
  0x000001cfa35398b0 JavaThread "C1 CompilerThread0"         daemon [_thread_blocked, id=34892, stack(0x00000022b5600000,0x00000022b5700000) (1024K)]
  0x000001cfa3879890 JavaThread "C1 CompilerThread1"         daemon [_thread_blocked, id=26936, stack(0x00000022b5700000,0x00000022b5800000) (1024K)]
  0x000001cfa3895a60 JavaThread "C1 CompilerThread2"         daemon [_thread_blocked, id=23604, stack(0x00000022b5800000,0x00000022b5900000) (1024K)]
  0x000001cfa3531720 JavaThread "Notification Thread"        daemon [_thread_blocked, id=23484, stack(0x00000022b5900000,0x00000022b5a00000) (1024K)]
  0x000001cfa3530370 JavaThread "Common-Cleaner"             daemon [_thread_blocked, id=33664, stack(0x00000022b5a00000,0x00000022b5b00000) (1024K)]
  0x000001cfead7dd40 JavaThread "C1 CompilerThread3"         daemon [_thread_blocked, id=6472, stack(0x00000022b6900000,0x00000022b6a00000) (1024K)]
  0x000001cfebfc9860 JavaThread "C2 CompilerThread1"         daemon [_thread_in_native, id=11820, stack(0x00000022b5b00000,0x00000022b5c00000) (1024K)]
  0x000001cfefcf8df0 JavaThread "C2 CompilerThread2"         daemon [_thread_in_native, id=28972, stack(0x00000022b6a00000,0x00000022b6b00000) (1024K)]
Total: 16

Other Threads:
  0x000001cfa35004d0 VMThread "VM Thread"                           [id=9224, stack(0x00000022b4e00000,0x00000022b4f00000) (1024K)]
  0x000001cfa34eb2c0 WatcherThread "VM Periodic Task Thread"        [id=35408, stack(0x00000022b4d00000,0x00000022b4e00000) (1024K)]
  0x000001cf8b8c0790 WorkerThread "GC Thread#0"                     [id=32816, stack(0x00000022b4800000,0x00000022b4900000) (1024K)]
  0x000001cfe943aaa0 WorkerThread "GC Thread#1"                     [id=13020, stack(0x00000022b5c00000,0x00000022b5d00000) (1024K)]
  0x000001cfe9423560 WorkerThread "GC Thread#2"                     [id=37772, stack(0x00000022b5d00000,0x00000022b5e00000) (1024K)]
  0x000001cfe9423910 WorkerThread "GC Thread#3"                     [id=35324, stack(0x00000022b5e00000,0x00000022b5f00000) (1024K)]
  0x000001cfe93ef690 WorkerThread "GC Thread#4"                     [id=36152, stack(0x00000022b5f00000,0x00000022b6000000) (1024K)]
  0x000001cfe93efa40 WorkerThread "GC Thread#5"                     [id=29588, stack(0x00000022b6000000,0x00000022b6100000) (1024K)]
  0x000001cfe988c3e0 WorkerThread "GC Thread#6"                     [id=18544, stack(0x00000022b6100000,0x00000022b6200000) (1024K)]
  0x000001cfe988d650 WorkerThread "GC Thread#7"                     [id=30644, stack(0x00000022b6200000,0x00000022b6300000) (1024K)]
  0x000001cfe988da00 WorkerThread "GC Thread#8"                     [id=19964, stack(0x00000022b6300000,0x00000022b6400000) (1024K)]
  0x000001cfe988cb40 WorkerThread "GC Thread#9"                     [id=9984, stack(0x00000022b6400000,0x00000022b6500000) (1024K)]
  0x000001cfe988d2a0 WorkerThread "GC Thread#10"                    [id=10744, stack(0x00000022b6500000,0x00000022b6600000) (1024K)]
  0x000001cfea7caff0 WorkerThread "GC Thread#11"                    [id=35884, stack(0x00000022b6800000,0x00000022b6900000) (1024K)]
  0x000001cfea7cb3a0 WorkerThread "GC Thread#12"                    [id=34276, stack(0x00000022b6d00000,0x00000022b6e00000) (1024K)]
  0x000001cf8b8d11a0 ConcurrentGCThread "G1 Main Marker"            [id=444, stack(0x00000022b4900000,0x00000022b4a00000) (1024K)]
  0x000001cf8b8d2c50 WorkerThread "G1 Conc#0"                       [id=36424, stack(0x00000022b4a00000,0x00000022b4b00000) (1024K)]
  0x000001cfea7cac40 WorkerThread "G1 Conc#1"                       [id=15152, stack(0x00000022b6600000,0x00000022b6700000) (1024K)]
  0x000001cfea7cb750 WorkerThread "G1 Conc#2"                       [id=36540, stack(0x00000022b6700000,0x00000022b6800000) (1024K)]
  0x000001cfa33be0e0 ConcurrentGCThread "G1 Refine#0"               [id=21316, stack(0x00000022b4b00000,0x00000022b4c00000) (1024K)]
  0x000001cfa33be910 ConcurrentGCThread "G1 Service"                [id=33080, stack(0x00000022b4c00000,0x00000022b4d00000) (1024K)]
Total: 21

Threads with active compile tasks:
C2 CompilerThread0  49487 18837       4       org.jetbrains.kotlin.types.AbstractTypeMapper::mapType (581 bytes)
C1 CompilerThread0  49487 19195       3       org.jetbrains.kotlin.codegen.inline.RemapVisitor::visitFieldInsn (175 bytes)
C1 CompilerThread2  49487 19196       3       org.jetbrains.kotlin.codegen.inline.LocalVarNodeWrapper::<init> (16 bytes)
C2 CompilerThread1  49487 18823 %     4       org.jetbrains.kotlin.codegen.optimization.temporaryVals.TemporaryValsAnalyzer::analyze @ 260 (1266 bytes)
C2 CompilerThread2  49489 19167       4       org.jetbrains.kotlin.backend.jvm.codegen.ClassCodegen::addInnerClassInfo (52 bytes)
Total: 5

VM state: not at safepoint (normal execution)

VM Mutex/Monitor currently owned by a thread: None

Heap address: 0x000000008a800000, size: 1880 MB, Compressed Oops mode: 32-bit

CDS archive(s) mapped at: [0x000001cfa4000000-0x000001cfa4ba0000-0x000001cfa4ba0000), size 12189696, SharedBaseAddress: 0x000001cfa4000000, ArchiveRelocationMode: 1.
Compressed class space mapped at: 0x000001cfa5000000-0x000001cfe5000000, reserved size: 1073741824
Narrow klass base: 0x000001cfa4000000, Narrow klass shift: 0, Narrow klass range: 0x100000000

GC Precious Log:
 CardTable entry size: 512
 Card Set container configuration: InlinePtr #cards 5 size 8 Array Of Cards #cards 12 size 40 Howl #buckets 4 coarsen threshold 1843 Howl Bitmap #cards 512 size 80 coarsen threshold 460 Card regions per heap region 1 cards per card region 2048
 CPUs: 16 total, 16 available
 Memory: 7514M
 Large Page Support: Disabled
 NUMA Support: Disabled
 Compressed Oops: Enabled (32-bit)
 Heap Region Size: 1M
 Heap Min Capacity: 8M
 Heap Initial Capacity: 118M
 Heap Max Capacity: 1880M
 Pre-touch: Disabled
 Parallel Workers: 13
 Concurrent Workers: 3
 Concurrent Refinement Workers: 13
 Periodic GC: Disabled

Heap:
 garbage-first heap   total 191488K, used 156746K [0x000000008a800000, 0x0000000100000000)
  region size 1024K, 44 young (45056K), 4 survivors (4096K)
 Metaspace       used 89919K, committed 90304K, reserved 1179648K
  class space    used 9355K, committed 9536K, reserved 1048576K

Heap Regions: E=young(eden), S=young(survivor), O=old, HS=humongous(starts), HC=humongous(continues), CS=collection set, F=free, TAMS=top-at-mark-start, PB=parsable bottom
|   0|0x000000008a800000, 0x000000008a900000, 0x000000008a900000|100%|HS|  |TAMS 0x000000008a800000| PB 0x000000008a800000| Complete 
|   1|0x000000008a900000, 0x000000008aa00000, 0x000000008aa00000|100%|HC|  |TAMS 0x000000008a900000| PB 0x000000008a900000| Complete 
|   2|0x000000008aa00000, 0x000000008ab00000, 0x000000008ab00000|100%|HC|  |TAMS 0x000000008aa00000| PB 0x000000008aa00000| Complete 
|   3|0x000000008ab00000, 0x000000008ac00000, 0x000000008ac00000|100%|HC|  |TAMS 0x000000008ab00000| PB 0x000000008ab00000| Complete 
|   4|0x000000008ac00000, 0x000000008ad00000, 0x000000008ad00000|100%| O|  |TAMS 0x000000008ac00000| PB 0x000000008ac00000| Untracked 
|   5|0x000000008ad00000, 0x000000008ae00000, 0x000000008ae00000|100%| O|  |TAMS 0x000000008ad00000| PB 0x000000008ad00000| Untracked 
|   6|0x000000008ae00000, 0x000000008af00000, 0x000000008af00000|100%| O|  |TAMS 0x000000008ae00000| PB 0x000000008ae00000| Untracked 
|   7|0x000000008af00000, 0x000000008b000000, 0x000000008b000000|100%| O|  |TAMS 0x000000008af00000| PB 0x000000008af00000| Untracked 
|   8|0x000000008b000000, 0x000000008b100000, 0x000000008b100000|100%| O|  |TAMS 0x000000008b000000| PB 0x000000008b000000| Untracked 
|   9|0x000000008b100000, 0x000000008b200000, 0x000000008b200000|100%| O|  |TAMS 0x000000008b100000| PB 0x000000008b100000| Untracked 
|  10|0x000000008b200000, 0x000000008b300000, 0x000000008b300000|100%| O|  |TAMS 0x000000008b200000| PB 0x000000008b200000| Untracked 
|  11|0x000000008b300000, 0x000000008b400000, 0x000000008b400000|100%| O|  |TAMS 0x000000008b300000| PB 0x000000008b300000| Untracked 
|  12|0x000000008b400000, 0x000000008b500000, 0x000000008b500000|100%| O|  |TAMS 0x000000008b400000| PB 0x000000008b400000| Untracked 
|  13|0x000000008b500000, 0x000000008b600000, 0x000000008b600000|100%| O|  |TAMS 0x000000008b500000| PB 0x000000008b500000| Untracked 
|  14|0x000000008b600000, 0x000000008b700000, 0x000000008b700000|100%| O|  |TAMS 0x000000008b600000| PB 0x000000008b600000| Untracked 
|  15|0x000000008b700000, 0x000000008b800000, 0x000000008b800000|100%| O|  |TAMS 0x000000008b700000| PB 0x000000008b700000| Untracked 
|  16|0x000000008b800000, 0x000000008b900000, 0x000000008b900000|100%| O|  |TAMS 0x000000008b800000| PB 0x000000008b800000| Untracked 
|  17|0x000000008b900000, 0x000000008ba00000, 0x000000008ba00000|100%| O|  |TAMS 0x000000008b900000| PB 0x000000008b900000| Untracked 
|  18|0x000000008ba00000, 0x000000008bb00000, 0x000000008bb00000|100%| O|  |TAMS 0x000000008ba00000| PB 0x000000008ba00000| Untracked 
|  19|0x000000008bb00000, 0x000000008bc00000, 0x000000008bc00000|100%| O|  |TAMS 0x000000008bb00000| PB 0x000000008bb00000| Untracked 
|  20|0x000000008bc00000, 0x000000008bd00000, 0x000000008bd00000|100%| O|  |TAMS 0x000000008bc00000| PB 0x000000008bc00000| Untracked 
|  21|0x000000008bd00000, 0x000000008be00000, 0x000000008be00000|100%| O|  |TAMS 0x000000008bd00000| PB 0x000000008bd00000| Untracked 
|  22|0x000000008be00000, 0x000000008bf00000, 0x000000008bf00000|100%| O|  |TAMS 0x000000008be00000| PB 0x000000008be00000| Untracked 
|  23|0x000000008bf00000, 0x000000008c000000, 0x000000008c000000|100%| O|  |TAMS 0x000000008bf00000| PB 0x000000008bf00000| Untracked 
|  24|0x000000008c000000, 0x000000008c100000, 0x000000008c100000|100%| O|  |TAMS 0x000000008c000000| PB 0x000000008c000000| Untracked 
|  25|0x000000008c100000, 0x000000008c200000, 0x000000008c200000|100%| O|  |TAMS 0x000000008c100000| PB 0x000000008c100000| Untracked 
|  26|0x000000008c200000, 0x000000008c300000, 0x000000008c300000|100%| O|  |TAMS 0x000000008c200000| PB 0x000000008c200000| Untracked 
|  27|0x000000008c300000, 0x000000008c400000, 0x000000008c400000|100%| O|  |TAMS 0x000000008c300000| PB 0x000000008c300000| Untracked 
|  28|0x000000008c400000, 0x000000008c500000, 0x000000008c500000|100%| O|  |TAMS 0x000000008c400000| PB 0x000000008c400000| Untracked 
|  29|0x000000008c500000, 0x000000008c600000, 0x000000008c600000|100%| O|  |TAMS 0x000000008c500000| PB 0x000000008c500000| Untracked 
|  30|0x000000008c600000, 0x000000008c700000, 0x000000008c700000|100%| O|  |TAMS 0x000000008c600000| PB 0x000000008c600000| Untracked 
|  31|0x000000008c700000, 0x000000008c800000, 0x000000008c800000|100%| O|  |TAMS 0x000000008c700000| PB 0x000000008c700000| Untracked 
|  32|0x000000008c800000, 0x000000008c900000, 0x000000008c900000|100%| O|  |TAMS 0x000000008c800000| PB 0x000000008c800000| Untracked 
|  33|0x000000008c900000, 0x000000008ca00000, 0x000000008ca00000|100%| O|  |TAMS 0x000000008c900000| PB 0x000000008c900000| Untracked 
|  34|0x000000008ca00000, 0x000000008cb00000, 0x000000008cb00000|100%| O|  |TAMS 0x000000008ca00000| PB 0x000000008ca00000| Untracked 
|  35|0x000000008cb00000, 0x000000008cc00000, 0x000000008cc00000|100%| O|  |TAMS 0x000000008cb00000| PB 0x000000008cb00000| Untracked 
|  36|0x000000008cc00000, 0x000000008cd00000, 0x000000008cd00000|100%| O|  |TAMS 0x000000008cc00000| PB 0x000000008cc00000| Untracked 
|  37|0x000000008cd00000, 0x000000008ce00000, 0x000000008ce00000|100%| O|  |TAMS 0x000000008cd00000| PB 0x000000008cd00000| Untracked 
|  38|0x000000008ce00000, 0x000000008cf00000, 0x000000008cf00000|100%| O|  |TAMS 0x000000008ce00000| PB 0x000000008ce00000| Untracked 
|  39|0x000000008cf00000, 0x000000008d000000, 0x000000008d000000|100%| O|  |TAMS 0x000000008cf00000| PB 0x000000008cf00000| Untracked 
|  40|0x000000008d000000, 0x000000008d100000, 0x000000008d100000|100%| O|  |TAMS 0x000000008d000000| PB 0x000000008d000000| Untracked 
|  41|0x000000008d100000, 0x000000008d200000, 0x000000008d200000|100%| O|  |TAMS 0x000000008d100000| PB 0x000000008d100000| Untracked 
|  42|0x000000008d200000, 0x000000008d300000, 0x000000008d300000|100%| O|  |TAMS 0x000000008d200000| PB 0x000000008d200000| Untracked 
|  43|0x000000008d300000, 0x000000008d400000, 0x000000008d400000|100%|HS|  |TAMS 0x000000008d300000| PB 0x000000008d300000| Complete 
|  44|0x000000008d400000, 0x000000008d500000, 0x000000008d500000|100%| O|  |TAMS 0x000000008d400000| PB 0x000000008d400000| Untracked 
|  45|0x000000008d500000, 0x000000008d600000, 0x000000008d600000|100%| O|  |TAMS 0x000000008d500000| PB 0x000000008d500000| Untracked 
|  46|0x000000008d600000, 0x000000008d700000, 0x000000008d700000|100%| O|  |TAMS 0x000000008d600000| PB 0x000000008d600000| Untracked 
|  47|0x000000008d700000, 0x000000008d800000, 0x000000008d800000|100%| O|  |TAMS 0x000000008d700000| PB 0x000000008d700000| Untracked 
|  48|0x000000008d800000, 0x000000008d900000, 0x000000008d900000|100%| O|  |TAMS 0x000000008d800000| PB 0x000000008d800000| Untracked 
|  49|0x000000008d900000, 0x000000008da00000, 0x000000008da00000|100%| O|  |TAMS 0x000000008d900000| PB 0x000000008d900000| Untracked 
|  50|0x000000008da00000, 0x000000008db00000, 0x000000008db00000|100%| O|  |TAMS 0x000000008da00000| PB 0x000000008da00000| Untracked 
|  51|0x000000008db00000, 0x000000008dc00000, 0x000000008dc00000|100%| O|  |TAMS 0x000000008db00000| PB 0x000000008db00000| Untracked 
|  52|0x000000008dc00000, 0x000000008dd00000, 0x000000008dd00000|100%| O|  |TAMS 0x000000008dc00000| PB 0x000000008dc00000| Untracked 
|  53|0x000000008dd00000, 0x000000008de00000, 0x000000008de00000|100%| O|  |TAMS 0x000000008dd00000| PB 0x000000008dd00000| Untracked 
|  54|0x000000008de00000, 0x000000008df00000, 0x000000008df00000|100%| O|  |TAMS 0x000000008de00000| PB 0x000000008de00000| Untracked 
|  55|0x000000008df00000, 0x000000008e000000, 0x000000008e000000|100%| O|  |TAMS 0x000000008df00000| PB 0x000000008df00000| Untracked 
|  56|0x000000008e000000, 0x000000008e100000, 0x000000008e100000|100%| O|  |TAMS 0x000000008e000000| PB 0x000000008e000000| Untracked 
|  57|0x000000008e100000, 0x000000008e200000, 0x000000008e200000|100%| O|  |TAMS 0x000000008e100000| PB 0x000000008e100000| Untracked 
|  58|0x000000008e200000, 0x000000008e300000, 0x000000008e300000|100%| O|  |TAMS 0x000000008e200000| PB 0x000000008e200000| Untracked 
|  59|0x000000008e300000, 0x000000008e400000, 0x000000008e400000|100%| O|  |TAMS 0x000000008e300000| PB 0x000000008e300000| Untracked 
|  60|0x000000008e400000, 0x000000008e500000, 0x000000008e500000|100%| O|  |TAMS 0x000000008e400000| PB 0x000000008e400000| Untracked 
|  61|0x000000008e500000, 0x000000008e600000, 0x000000008e600000|100%| O|  |TAMS 0x000000008e500000| PB 0x000000008e500000| Untracked 
|  62|0x000000008e600000, 0x000000008e700000, 0x000000008e700000|100%| O|  |TAMS 0x000000008e600000| PB 0x000000008e600000| Untracked 
|  63|0x000000008e700000, 0x000000008e800000, 0x000000008e800000|100%| O|  |TAMS 0x000000008e700000| PB 0x000000008e700000| Untracked 
|  64|0x000000008e800000, 0x000000008e900000, 0x000000008e900000|100%| O|Cm|TAMS 0x000000008e800000| PB 0x000000008e800000| Complete 
|  65|0x000000008e900000, 0x000000008ea00000, 0x000000008ea00000|100%| O|  |TAMS 0x000000008e900000| PB 0x000000008e900000| Untracked 
|  66|0x000000008ea00000, 0x000000008eb00000, 0x000000008eb00000|100%| O|  |TAMS 0x000000008ea00000| PB 0x000000008ea00000| Untracked 
|  67|0x000000008eb00000, 0x000000008ec00000, 0x000000008ec00000|100%| O|  |TAMS 0x000000008eb00000| PB 0x000000008eb00000| Untracked 
|  68|0x000000008ec00000, 0x000000008ed00000, 0x000000008ed00000|100%| O|  |TAMS 0x000000008ec00000| PB 0x000000008ec00000| Untracked 
|  69|0x000000008ed00000, 0x000000008ee00000, 0x000000008ee00000|100%| O|  |TAMS 0x000000008ed00000| PB 0x000000008ed00000| Untracked 
|  70|0x000000008ee00000, 0x000000008ef00000, 0x000000008ef00000|100%| O|  |TAMS 0x000000008ee00000| PB 0x000000008ee00000| Untracked 
|  71|0x000000008ef00000, 0x000000008f000000, 0x000000008f000000|100%| O|  |TAMS 0x000000008ef00000| PB 0x000000008ef00000| Untracked 
|  72|0x000000008f000000, 0x000000008f100000, 0x000000008f100000|100%| O|  |TAMS 0x000000008f000000| PB 0x000000008f000000| Untracked 
|  73|0x000000008f100000, 0x000000008f200000, 0x000000008f200000|100%| O|  |TAMS 0x000000008f100000| PB 0x000000008f100000| Untracked 
|  74|0x000000008f200000, 0x000000008f300000, 0x000000008f300000|100%| O|  |TAMS 0x000000008f200000| PB 0x000000008f200000| Untracked 
|  75|0x000000008f300000, 0x000000008f400000, 0x000000008f400000|100%| O|  |TAMS 0x000000008f300000| PB 0x000000008f300000| Untracked 
|  76|0x000000008f400000, 0x000000008f500000, 0x000000008f500000|100%| O|  |TAMS 0x000000008f400000| PB 0x000000008f400000| Untracked 
|  77|0x000000008f500000, 0x000000008f600000, 0x000000008f600000|100%| O|  |TAMS 0x000000008f500000| PB 0x000000008f500000| Untracked 
|  78|0x000000008f600000, 0x000000008f700000, 0x000000008f700000|100%| O|  |TAMS 0x000000008f600000| PB 0x000000008f600000| Untracked 
|  79|0x000000008f700000, 0x000000008f800000, 0x000000008f800000|100%| O|  |TAMS 0x000000008f700000| PB 0x000000008f700000| Untracked 
|  80|0x000000008f800000, 0x000000008f900000, 0x000000008f900000|100%| O|  |TAMS 0x000000008f800000| PB 0x000000008f800000| Untracked 
|  81|0x000000008f900000, 0x000000008fa00000, 0x000000008fa00000|100%| O|  |TAMS 0x000000008f900000| PB 0x000000008f900000| Untracked 
|  82|0x000000008fa00000, 0x000000008fb00000, 0x000000008fb00000|100%| O|  |TAMS 0x000000008fa00000| PB 0x000000008fa00000| Untracked 
|  83|0x000000008fb00000, 0x000000008fc00000, 0x000000008fc00000|100%| O|  |TAMS 0x000000008fb00000| PB 0x000000008fb00000| Untracked 
|  84|0x000000008fc00000, 0x000000008fd00000, 0x000000008fd00000|100%| O|  |TAMS 0x000000008fc00000| PB 0x000000008fc00000| Untracked 
|  85|0x000000008fd00000, 0x000000008fe00000, 0x000000008fe00000|100%| O|  |TAMS 0x000000008fd00000| PB 0x000000008fd00000| Untracked 
|  86|0x000000008fe00000, 0x000000008ff00000, 0x000000008ff00000|100%| O|  |TAMS 0x000000008fe00000| PB 0x000000008fe00000| Untracked 
|  87|0x000000008ff00000, 0x0000000090000000, 0x0000000090000000|100%| O|  |TAMS 0x000000008ff00000| PB 0x000000008ff00000| Untracked 
|  88|0x0000000090000000, 0x0000000090100000, 0x0000000090100000|100%| O|  |TAMS 0x0000000090000000| PB 0x0000000090000000| Untracked 
|  89|0x0000000090100000, 0x0000000090200000, 0x0000000090200000|100%| O|Cm|TAMS 0x0000000090100000| PB 0x0000000090100000| Complete 
|  90|0x0000000090200000, 0x0000000090300000, 0x0000000090300000|100%| O|  |TAMS 0x0000000090200000| PB 0x0000000090200000| Untracked 
|  91|0x0000000090300000, 0x0000000090400000, 0x0000000090400000|100%| O|  |TAMS 0x0000000090300000| PB 0x0000000090300000| Untracked 
|  92|0x0000000090400000, 0x0000000090500000, 0x0000000090500000|100%| O|  |TAMS 0x0000000090400000| PB 0x0000000090400000| Untracked 
|  93|0x0000000090500000, 0x0000000090600000, 0x0000000090600000|100%| O|Cm|TAMS 0x0000000090500000| PB 0x0000000090500000| Complete 
|  94|0x0000000090600000, 0x0000000090700000, 0x0000000090700000|100%| O|  |TAMS 0x0000000090600000| PB 0x0000000090600000| Untracked 
|  95|0x0000000090700000, 0x0000000090800000, 0x0000000090800000|100%| O|  |TAMS 0x0000000090700000| PB 0x0000000090700000| Untracked 
|  96|0x0000000090800000, 0x0000000090900000, 0x0000000090900000|100%| O|  |TAMS 0x0000000090800000| PB 0x0000000090800000| Untracked 
|  97|0x0000000090900000, 0x0000000090a00000, 0x0000000090a00000|100%| O|  |TAMS 0x0000000090900000| PB 0x0000000090900000| Untracked 
|  98|0x0000000090a00000, 0x0000000090b00000, 0x0000000090b00000|100%| O|  |TAMS 0x0000000090a00000| PB 0x0000000090a00000| Untracked 
|  99|0x0000000090b00000, 0x0000000090c00000, 0x0000000090c00000|100%| O|  |TAMS 0x0000000090b00000| PB 0x0000000090b00000| Untracked 
| 100|0x0000000090c00000, 0x0000000090d00000, 0x0000000090d00000|100%| O|  |TAMS 0x0000000090c00000| PB 0x0000000090c00000| Untracked 
| 101|0x0000000090d00000, 0x0000000090e00000, 0x0000000090e00000|100%| O|  |TAMS 0x0000000090d00000| PB 0x0000000090d00000| Untracked 
| 102|0x0000000090e00000, 0x0000000090f00000, 0x0000000090f00000|100%| O|  |TAMS 0x0000000090e00000| PB 0x0000000090e00000| Untracked 
| 103|0x0000000090f00000, 0x0000000091000000, 0x0000000091000000|100%| O|  |TAMS 0x0000000090f00000| PB 0x0000000090f00000| Untracked 
| 104|0x0000000091000000, 0x0000000091100000, 0x0000000091100000|100%| O|  |TAMS 0x0000000091000000| PB 0x0000000091000000| Untracked 
| 105|0x0000000091100000, 0x0000000091200000, 0x0000000091200000|100%| O|  |TAMS 0x0000000091100000| PB 0x0000000091100000| Untracked 
| 106|0x0000000091200000, 0x00000000912dd010, 0x0000000091300000| 86%| O|  |TAMS 0x0000000091200000| PB 0x0000000091200000| Untracked 
| 107|0x0000000091300000, 0x0000000091300000, 0x0000000091400000|  0%| F|  |TAMS 0x0000000091300000| PB 0x0000000091300000| Untracked 
| 108|0x0000000091400000, 0x0000000091400000, 0x0000000091500000|  0%| F|  |TAMS 0x0000000091400000| PB 0x0000000091400000| Untracked 
| 109|0x0000000091500000, 0x0000000091500000, 0x0000000091600000|  0%| F|  |TAMS 0x0000000091500000| PB 0x0000000091500000| Untracked 
| 110|0x0000000091600000, 0x0000000091600000, 0x0000000091700000|  0%| F|  |TAMS 0x0000000091600000| PB 0x0000000091600000| Untracked 
| 111|0x0000000091700000, 0x0000000091700000, 0x0000000091800000|  0%| F|  |TAMS 0x0000000091700000| PB 0x0000000091700000| Untracked 
| 112|0x0000000091800000, 0x0000000091800000, 0x0000000091900000|  0%| F|  |TAMS 0x0000000091800000| PB 0x0000000091800000| Untracked 
| 113|0x0000000091900000, 0x0000000091900000, 0x0000000091a00000|  0%| F|  |TAMS 0x0000000091900000| PB 0x0000000091900000| Untracked 
| 114|0x0000000091a00000, 0x0000000091a00000, 0x0000000091b00000|  0%| F|  |TAMS 0x0000000091a00000| PB 0x0000000091a00000| Untracked 
| 115|0x0000000091b00000, 0x0000000091b00000, 0x0000000091c00000|  0%| F|  |TAMS 0x0000000091b00000| PB 0x0000000091b00000| Untracked 
| 116|0x0000000091c00000, 0x0000000091c00000, 0x0000000091d00000|  0%| F|  |TAMS 0x0000000091c00000| PB 0x0000000091c00000| Untracked 
| 117|0x0000000091d00000, 0x0000000091d00000, 0x0000000091e00000|  0%| F|  |TAMS 0x0000000091d00000| PB 0x0000000091d00000| Untracked 
| 118|0x0000000091e00000, 0x0000000091e00000, 0x0000000091f00000|  0%| F|  |TAMS 0x0000000091e00000| PB 0x0000000091e00000| Untracked 
| 119|0x0000000091f00000, 0x0000000091f00000, 0x0000000092000000|  0%| F|  |TAMS 0x0000000091f00000| PB 0x0000000091f00000| Untracked 
| 120|0x0000000092000000, 0x0000000092000000, 0x0000000092100000|  0%| F|  |TAMS 0x0000000092000000| PB 0x0000000092000000| Untracked 
| 121|0x0000000092100000, 0x0000000092100000, 0x0000000092200000|  0%| F|  |TAMS 0x0000000092100000| PB 0x0000000092100000| Untracked 
| 122|0x0000000092200000, 0x0000000092200000, 0x0000000092300000|  0%| F|  |TAMS 0x0000000092200000| PB 0x0000000092200000| Untracked 
| 123|0x0000000092300000, 0x0000000092300000, 0x0000000092400000|  0%| F|  |TAMS 0x0000000092300000| PB 0x0000000092300000| Untracked 
| 124|0x0000000092400000, 0x0000000092400000, 0x0000000092500000|  0%| F|  |TAMS 0x0000000092400000| PB 0x0000000092400000| Untracked 
| 125|0x0000000092500000, 0x0000000092500000, 0x0000000092600000|  0%| F|  |TAMS 0x0000000092500000| PB 0x0000000092500000| Untracked 
| 126|0x0000000092600000, 0x0000000092600000, 0x0000000092700000|  0%| F|  |TAMS 0x0000000092600000| PB 0x0000000092600000| Untracked 
| 127|0x0000000092700000, 0x0000000092700000, 0x0000000092800000|  0%| F|  |TAMS 0x0000000092700000| PB 0x0000000092700000| Untracked 
| 128|0x0000000092800000, 0x0000000092800000, 0x0000000092900000|  0%| F|  |TAMS 0x0000000092800000| PB 0x0000000092800000| Untracked 
| 129|0x0000000092900000, 0x0000000092900000, 0x0000000092a00000|  0%| F|  |TAMS 0x0000000092900000| PB 0x0000000092900000| Untracked 
| 130|0x0000000092a00000, 0x0000000092a00000, 0x0000000092b00000|  0%| F|  |TAMS 0x0000000092a00000| PB 0x0000000092a00000| Untracked 
| 131|0x0000000092b00000, 0x0000000092b00000, 0x0000000092c00000|  0%| F|  |TAMS 0x0000000092b00000| PB 0x0000000092b00000| Untracked 
| 132|0x0000000092c00000, 0x0000000092c00000, 0x0000000092d00000|  0%| F|  |TAMS 0x0000000092c00000| PB 0x0000000092c00000| Untracked 
| 133|0x0000000092d00000, 0x0000000092d00000, 0x0000000092e00000|  0%| F|  |TAMS 0x0000000092d00000| PB 0x0000000092d00000| Untracked 
| 134|0x0000000092e00000, 0x0000000092e00000, 0x0000000092f00000|  0%| F|  |TAMS 0x0000000092e00000| PB 0x0000000092e00000| Untracked 
| 135|0x0000000092f00000, 0x0000000092f00000, 0x0000000093000000|  0%| F|  |TAMS 0x0000000092f00000| PB 0x0000000092f00000| Untracked 
| 136|0x0000000093000000, 0x0000000093000000, 0x0000000093100000|  0%| F|  |TAMS 0x0000000093000000| PB 0x0000000093000000| Untracked 
| 137|0x0000000093100000, 0x0000000093100000, 0x0000000093200000|  0%| F|  |TAMS 0x0000000093100000| PB 0x0000000093100000| Untracked 
| 138|0x0000000093200000, 0x0000000093235bb8, 0x0000000093300000| 20%| S|CS|TAMS 0x0000000093200000| PB 0x0000000093200000| Complete 
| 139|0x0000000093300000, 0x0000000093400000, 0x0000000093400000|100%| S|CS|TAMS 0x0000000093300000| PB 0x0000000093300000| Complete 
| 140|0x0000000093400000, 0x0000000093500000, 0x0000000093500000|100%| S|CS|TAMS 0x0000000093400000| PB 0x0000000093400000| Complete 
| 141|0x0000000093500000, 0x0000000093600000, 0x0000000093600000|100%| S|CS|TAMS 0x0000000093500000| PB 0x0000000093500000| Complete 
| 142|0x0000000093600000, 0x0000000093600000, 0x0000000093700000|  0%| F|  |TAMS 0x0000000093600000| PB 0x0000000093600000| Untracked 
| 143|0x0000000093700000, 0x0000000093800000, 0x0000000093800000|100%| E|  |TAMS 0x0000000093700000| PB 0x0000000093700000| Complete 
| 144|0x0000000093800000, 0x0000000093900000, 0x0000000093900000|100%| E|CS|TAMS 0x0000000093800000| PB 0x0000000093800000| Complete 
| 145|0x0000000093900000, 0x0000000093a00000, 0x0000000093a00000|100%| E|CS|TAMS 0x0000000093900000| PB 0x0000000093900000| Complete 
| 146|0x0000000093a00000, 0x0000000093b00000, 0x0000000093b00000|100%| E|CS|TAMS 0x0000000093a00000| PB 0x0000000093a00000| Complete 
| 147|0x0000000093b00000, 0x0000000093c00000, 0x0000000093c00000|100%| E|CS|TAMS 0x0000000093b00000| PB 0x0000000093b00000| Complete 
| 148|0x0000000093c00000, 0x0000000093d00000, 0x0000000093d00000|100%| E|CS|TAMS 0x0000000093c00000| PB 0x0000000093c00000| Complete 
| 149|0x0000000093d00000, 0x0000000093e00000, 0x0000000093e00000|100%| E|CS|TAMS 0x0000000093d00000| PB 0x0000000093d00000| Complete 
| 150|0x0000000093e00000, 0x0000000093f00000, 0x0000000093f00000|100%| E|CS|TAMS 0x0000000093e00000| PB 0x0000000093e00000| Complete 
| 151|0x0000000093f00000, 0x0000000094000000, 0x0000000094000000|100%| E|CS|TAMS 0x0000000093f00000| PB 0x0000000093f00000| Complete 
| 152|0x0000000094000000, 0x0000000094100000, 0x0000000094100000|100%| E|CS|TAMS 0x0000000094000000| PB 0x0000000094000000| Complete 
| 153|0x0000000094100000, 0x0000000094200000, 0x0000000094200000|100%| E|CS|TAMS 0x0000000094100000| PB 0x0000000094100000| Complete 
| 154|0x0000000094200000, 0x0000000094300000, 0x0000000094300000|100%| E|CS|TAMS 0x0000000094200000| PB 0x0000000094200000| Complete 
| 155|0x0000000094300000, 0x0000000094400000, 0x0000000094400000|100%| E|CS|TAMS 0x0000000094300000| PB 0x0000000094300000| Complete 
| 156|0x0000000094400000, 0x0000000094500000, 0x0000000094500000|100%| E|CS|TAMS 0x0000000094400000| PB 0x0000000094400000| Complete 
| 157|0x0000000094500000, 0x0000000094600000, 0x0000000094600000|100%| E|CS|TAMS 0x0000000094500000| PB 0x0000000094500000| Complete 
| 158|0x0000000094600000, 0x0000000094700000, 0x0000000094700000|100%| E|CS|TAMS 0x0000000094600000| PB 0x0000000094600000| Complete 
| 159|0x0000000094700000, 0x0000000094800000, 0x0000000094800000|100%| E|CS|TAMS 0x0000000094700000| PB 0x0000000094700000| Complete 
| 160|0x0000000094800000, 0x0000000094900000, 0x0000000094900000|100%| E|CS|TAMS 0x0000000094800000| PB 0x0000000094800000| Complete 
| 161|0x0000000094900000, 0x0000000094a00000, 0x0000000094a00000|100%| E|CS|TAMS 0x0000000094900000| PB 0x0000000094900000| Complete 
| 162|0x0000000094a00000, 0x0000000094b00000, 0x0000000094b00000|100%| E|CS|TAMS 0x0000000094a00000| PB 0x0000000094a00000| Complete 
| 163|0x0000000094b00000, 0x0000000094c00000, 0x0000000094c00000|100%| E|CS|TAMS 0x0000000094b00000| PB 0x0000000094b00000| Complete 
| 164|0x0000000094c00000, 0x0000000094d00000, 0x0000000094d00000|100%| E|CS|TAMS 0x0000000094c00000| PB 0x0000000094c00000| Complete 
| 165|0x0000000094d00000, 0x0000000094e00000, 0x0000000094e00000|100%| E|CS|TAMS 0x0000000094d00000| PB 0x0000000094d00000| Complete 
| 166|0x0000000094e00000, 0x0000000094f00000, 0x0000000094f00000|100%| E|CS|TAMS 0x0000000094e00000| PB 0x0000000094e00000| Complete 
| 167|0x0000000094f00000, 0x0000000095000000, 0x0000000095000000|100%| E|CS|TAMS 0x0000000094f00000| PB 0x0000000094f00000| Complete 
| 168|0x0000000095000000, 0x0000000095100000, 0x0000000095100000|100%| E|CS|TAMS 0x0000000095000000| PB 0x0000000095000000| Complete 
| 169|0x0000000095100000, 0x0000000095200000, 0x0000000095200000|100%| E|CS|TAMS 0x0000000095100000| PB 0x0000000095100000| Complete 
| 170|0x0000000095200000, 0x0000000095300000, 0x0000000095300000|100%| E|CS|TAMS 0x0000000095200000| PB 0x0000000095200000| Complete 
| 171|0x0000000095300000, 0x0000000095400000, 0x0000000095400000|100%| E|CS|TAMS 0x0000000095300000| PB 0x0000000095300000| Complete 
| 172|0x0000000095400000, 0x0000000095500000, 0x0000000095500000|100%| E|CS|TAMS 0x0000000095400000| PB 0x0000000095400000| Complete 
| 173|0x0000000095500000, 0x0000000095600000, 0x0000000095600000|100%| E|CS|TAMS 0x0000000095500000| PB 0x0000000095500000| Complete 
| 174|0x0000000095600000, 0x0000000095700000, 0x0000000095700000|100%| E|CS|TAMS 0x0000000095600000| PB 0x0000000095600000| Complete 
| 175|0x0000000095700000, 0x0000000095800000, 0x0000000095800000|100%| E|CS|TAMS 0x0000000095700000| PB 0x0000000095700000| Complete 
| 176|0x0000000095800000, 0x0000000095900000, 0x0000000095900000|100%| E|CS|TAMS 0x0000000095800000| PB 0x0000000095800000| Complete 
| 177|0x0000000095900000, 0x0000000095a00000, 0x0000000095a00000|100%| E|CS|TAMS 0x0000000095900000| PB 0x0000000095900000| Complete 
| 178|0x0000000095a00000, 0x0000000095b00000, 0x0000000095b00000|100%| E|CS|TAMS 0x0000000095a00000| PB 0x0000000095a00000| Complete 
| 179|0x0000000095b00000, 0x0000000095c00000, 0x0000000095c00000|100%| E|CS|TAMS 0x0000000095b00000| PB 0x0000000095b00000| Complete 
| 180|0x0000000095c00000, 0x0000000095d00000, 0x0000000095d00000|100%| E|CS|TAMS 0x0000000095c00000| PB 0x0000000095c00000| Complete 
| 181|0x0000000095d00000, 0x0000000095e00000, 0x0000000095e00000|100%| E|CS|TAMS 0x0000000095d00000| PB 0x0000000095d00000| Complete 
|1875|0x00000000ffb00000, 0x00000000ffc00000, 0x00000000ffc00000|100%| E|CS|TAMS 0x00000000ffb00000| PB 0x00000000ffb00000| Complete 
|1876|0x00000000ffc00000, 0x00000000ffd00000, 0x00000000ffd00000|100%| O|  |TAMS 0x00000000ffc00000| PB 0x00000000ffc00000| Untracked 
|1877|0x00000000ffd00000, 0x00000000ffe00000, 0x00000000ffe00000|100%| O|  |TAMS 0x00000000ffd00000| PB 0x00000000ffd00000| Untracked 
|1878|0x00000000ffe00000, 0x00000000fff00000, 0x00000000fff00000|100%| O|  |TAMS 0x00000000ffe00000| PB 0x00000000ffe00000| Untracked 
|1879|0x00000000fff00000, 0x0000000100000000, 0x0000000100000000|100%| O|  |TAMS 0x00000000fff00000| PB 0x00000000fff00000| Untracked 

Card table byte_map: [0x000001cf9e680000,0x000001cf9ea30000] _byte_map_base: 0x000001cf9e22c000

Marking Bits: (CMBitMap*) 0x000001cf8b8c0db0
 Bits: [0x000001cf9ea30000, 0x000001cfa0790000)

Polling page: 0x000001cf896e0000

Metaspace:

Usage:
  Non-class:     78.68 MB used.
      Class:      9.14 MB used.
       Both:     87.81 MB used.

Virtual space:
  Non-class space:      128.00 MB reserved,      78.88 MB ( 62%) committed,  2 nodes.
      Class space:        1.00 GB reserved,       9.31 MB ( <1%) committed,  1 nodes.
             Both:        1.12 GB reserved,      88.19 MB (  8%) committed. 

Chunk freelists:
   Non-Class:  704.00 KB
       Class:  6.72 MB
        Both:  7.41 MB

MaxMetaspaceSize: unlimited
CompressedClassSpaceSize: 1.00 GB
Initial GC threshold: 21.00 MB
Current GC threshold: 136.06 MB
CDS: on
 - commit_granule_bytes: 65536.
 - commit_granule_words: 8192.
 - virtual_space_node_default_size: 8388608.
 - enlarge_chunks_in_place: 1.
 - use_allocation_guard: 0.


Internal statistics:

num_allocs_failed_limit: 6.
num_arena_births: 520.
num_arena_deaths: 0.
num_vsnodes_births: 3.
num_vsnodes_deaths: 0.
num_space_committed: 1409.
num_space_uncommitted: 0.
num_chunks_returned_to_freelist: 6.
num_chunks_taken_from_freelist: 3657.
num_chunk_merges: 6.
num_chunk_splits: 3000.
num_chunks_enlarged: 2691.
num_inconsistent_stats: 0.

CodeHeap 'non-profiled nmethods': size=119168Kb used=8096Kb max_used=8186Kb free=111071Kb
 bounds [0x000001cf965f0000, 0x000001cf96df0000, 0x000001cf9da50000]
CodeHeap 'profiled nmethods': size=119104Kb used=64912Kb max_used=64912Kb free=54191Kb
 bounds [0x000001cf8ea50000, 0x000001cf929c0000, 0x000001cf95ea0000]
CodeHeap 'non-nmethods': size=7488Kb used=3452Kb max_used=3500Kb free=4035Kb
 bounds [0x000001cf95ea0000, 0x000001cf96210000, 0x000001cf965f0000]
CodeCache: size=245760Kb, used=76460Kb, max_used=76598Kb, free=169297Kb
 total_blobs=16734, nmethods=15861, adapters=769, full_count=0
Compilation: enabled, stopped_count=0, restarted_count=0

Compilation events (20 events):
Event: 49.133 Thread 0x000001cfa35398b0 19115       3       org.jetbrains.org.objectweb.asm.tree.analysis.SourceInterpreter::returnOperation (14 bytes)
Event: 49.133 Thread 0x000001cfa3895a60 19116       3       org.jetbrains.org.objectweb.asm.tree.analysis.SourceInterpreter::returnOperation (1 bytes)
Event: 49.133 Thread 0x000001cfa35398b0 nmethod 19115 0x000001cf92966a10 code [0x000001cf92966bc0, 0x000001cf92966f88]
Event: 49.134 Thread 0x000001cfa3895a60 nmethod 19116 0x000001cf92967090 code [0x000001cf92967220, 0x000001cf92967328]
Event: 49.155 Thread 0x000001cfead7dd40 19118       3       org.jetbrains.org.objectweb.asm.Type::getType (122 bytes)
Event: 49.155 Thread 0x000001cfa35398b0 19117       3       org.jetbrains.kotlin.backend.jvm.codegen.AnnotationCodegenKt::isBareTypeParameterWithNullableUpperBound (44 bytes)
Event: 49.157 Thread 0x000001cfead7dd40 nmethod 19118 0x000001cf92967410 code [0x000001cf929676c0, 0x000001cf92968190]
Event: 49.157 Thread 0x000001cfa35398b0 nmethod 19117 0x000001cf92968490 code [0x000001cf92968720, 0x000001cf92969280]
Event: 49.166 Thread 0x000001cfa3879890 19120       3       org.jetbrains.kotlin.fir.expressions.builder.FirResolvedQualifierBuilder::<init> (57 bytes)
Event: 49.166 Thread 0x000001cfead7dd40 19121       3       org.jetbrains.kotlin.fir.expressions.builder.FirResolvedQualifierBuilder::setPackageFqName (12 bytes)
Event: 49.166 Thread 0x000001cfa3895a60 19122       3       org.jetbrains.kotlin.fir.expressions.builder.FirResolvedQualifierBuilder::setResolvedToCompanionObject (20 bytes)
Event: 49.166 Thread 0x000001cfa35398b0 19123       3       org.jetbrains.kotlin.fir.expressions.builder.FirResolvedQualifierBuilder::build (73 bytes)
Event: 49.167 Thread 0x000001cfa3895a60 nmethod 19122 0x000001cf92969590 code [0x000001cf92969760, 0x000001cf92969a00]
Event: 49.167 Thread 0x000001cfa3895a60 19124       3       org.jetbrains.kotlin.fir.expressions.builder.FirResolvedQualifierBuilder::getPackageFqName (17 bytes)
Event: 49.168 Thread 0x000001cfead7dd40 nmethod 19121 0x000001cf92969b10 code [0x000001cf92969d40, 0x000001cf9296a340]
Event: 49.168 Thread 0x000001cfa3879890 nmethod 19120 0x000001cf9296a590 code [0x000001cf9296a7e0, 0x000001cf9296b2f0]
Event: 49.168 Thread 0x000001cfa3879890 19125       3       org.jetbrains.kotlin.fir.expressions.builder.FirResolvedQualifierBuilder::getResolvedToCompanionObject (22 bytes)
Event: 49.168 Thread 0x000001cfead7dd40 19126       3       org.jetbrains.kotlin.fir.expressions.impl.FirResolvedQualifierImpl::<init> (28 bytes)
Event: 49.342 Thread 0x000001cfa3879890 nmethod 19125 0x000001cf9296b610 code [0x000001cf9296b7e0, 0x000001cf9296bae8]
Event: 49.342 Thread 0x000001cfead7dd40 nmethod 19126 0x000001cf9296bc10 code [0x000001cf9296bdc0, 0x000001cf9296bf78]

GC Heap History (20 events):
Event: 21.320 GC heap before
{Heap before GC invocations=15 (full 0):
 garbage-first heap   total 122880K, used 103402K [0x000000008a800000, 0x0000000100000000)
  region size 1024K, 37 young (37888K), 5 survivors (5120K)
 Metaspace       used 59655K, committed 60032K, reserved 1114112K
  class space    used 7011K, committed 7168K, reserved 1048576K
}
Event: 21.353 GC heap after
{Heap after GC invocations=16 (full 0):
 garbage-first heap   total 122880K, used 75223K [0x000000008a800000, 0x0000000100000000)
  region size 1024K, 5 young (5120K), 5 survivors (5120K)
 Metaspace       used 59655K, committed 60032K, reserved 1114112K
  class space    used 7011K, committed 7168K, reserved 1048576K
}
Event: 23.506 GC heap before
{Heap before GC invocations=16 (full 0):
 garbage-first heap   total 122880K, used 105943K [0x000000008a800000, 0x0000000100000000)
  region size 1024K, 35 young (35840K), 5 survivors (5120K)
 Metaspace       used 61614K, committed 62016K, reserved 1114112K
  class space    used 7122K, committed 7296K, reserved 1048576K
}
Event: 23.553 GC heap after
{Heap after GC invocations=17 (full 0):
 garbage-first heap   total 147456K, used 80384K [0x000000008a800000, 0x0000000100000000)
  region size 1024K, 5 young (5120K), 5 survivors (5120K)
 Metaspace       used 61614K, committed 62016K, reserved 1114112K
  class space    used 7122K, committed 7296K, reserved 1048576K
}
Event: 25.507 GC heap before
{Heap before GC invocations=17 (full 0):
 garbage-first heap   total 147456K, used 124416K [0x000000008a800000, 0x0000000100000000)
  region size 1024K, 48 young (49152K), 5 survivors (5120K)
 Metaspace       used 62370K, committed 62720K, reserved 1114112K
  class space    used 7161K, committed 7296K, reserved 1048576K
}
Event: 25.547 GC heap after
{Heap after GC invocations=18 (full 0):
 garbage-first heap   total 147456K, used 89600K [0x000000008a800000, 0x0000000100000000)
  region size 1024K, 6 young (6144K), 6 survivors (6144K)
 Metaspace       used 62370K, committed 62720K, reserved 1114112K
  class space    used 7161K, committed 7296K, reserved 1048576K
}
Event: 27.780 GC heap before
{Heap before GC invocations=19 (full 0):
 garbage-first heap   total 150528K, used 126464K [0x000000008a800000, 0x0000000100000000)
  region size 1024K, 42 young (43008K), 6 survivors (6144K)
 Metaspace       used 63041K, committed 63424K, reserved 1114112K
  class space    used 7185K, committed 7360K, reserved 1048576K
}
Event: 27.812 GC heap after
{Heap after GC invocations=20 (full 0):
 garbage-first heap   total 150528K, used 95916K [0x000000008a800000, 0x0000000100000000)
  region size 1024K, 6 young (6144K), 6 survivors (6144K)
 Metaspace       used 63041K, committed 63424K, reserved 1114112K
  class space    used 7185K, committed 7360K, reserved 1048576K
}
Event: 30.064 GC heap before
{Heap before GC invocations=20 (full 0):
 garbage-first heap   total 150528K, used 131756K [0x000000008a800000, 0x0000000100000000)
  region size 1024K, 41 young (41984K), 6 survivors (6144K)
 Metaspace       used 63613K, committed 63936K, reserved 1114112K
  class space    used 7215K, committed 7360K, reserved 1048576K
}
Event: 30.090 GC heap after
{Heap after GC invocations=21 (full 0):
 garbage-first heap   total 150528K, used 99872K [0x000000008a800000, 0x0000000100000000)
  region size 1024K, 5 young (5120K), 5 survivors (5120K)
 Metaspace       used 63613K, committed 63936K, reserved 1114112K
  class space    used 7215K, committed 7360K, reserved 1048576K
}
Event: 34.102 GC heap before
{Heap before GC invocations=21 (full 0):
 garbage-first heap   total 150528K, used 133664K [0x000000008a800000, 0x0000000100000000)
  region size 1024K, 38 young (38912K), 5 survivors (5120K)
 Metaspace       used 66540K, committed 66944K, reserved 1114112K
  class space    used 7385K, committed 7552K, reserved 1048576K
}
Event: 34.121 GC heap after
{Heap after GC invocations=22 (full 0):
 garbage-first heap   total 150528K, used 101941K [0x000000008a800000, 0x0000000100000000)
  region size 1024K, 3 young (3072K), 3 survivors (3072K)
 Metaspace       used 66540K, committed 66944K, reserved 1114112K
  class space    used 7385K, committed 7552K, reserved 1048576K
}
Event: 36.560 GC heap before
{Heap before GC invocations=23 (full 0):
 garbage-first heap   total 171008K, used 135733K [0x000000008a800000, 0x0000000100000000)
  region size 1024K, 36 young (36864K), 3 survivors (3072K)
 Metaspace       used 69791K, committed 70208K, reserved 1114112K
  class space    used 7650K, committed 7808K, reserved 1048576K
}
Event: 36.578 GC heap after
{Heap after GC invocations=24 (full 0):
 garbage-first heap   total 171008K, used 105337K [0x000000008a800000, 0x0000000100000000)
  region size 1024K, 5 young (5120K), 5 survivors (5120K)
 Metaspace       used 69791K, committed 70208K, reserved 1114112K
  class space    used 7650K, committed 7808K, reserved 1048576K
}
Event: 40.519 GC heap before
{Heap before GC invocations=24 (full 0):
 garbage-first heap   total 171008K, used 151417K [0x000000008a800000, 0x0000000100000000)
  region size 1024K, 51 young (52224K), 5 survivors (5120K)
 Metaspace       used 76695K, committed 77056K, reserved 1179648K
  class space    used 8242K, committed 8384K, reserved 1048576K
}
Event: 40.545 GC heap after
{Heap after GC invocations=25 (full 0):
 garbage-first heap   total 171008K, used 109053K [0x000000008a800000, 0x0000000100000000)
  region size 1024K, 7 young (7168K), 7 survivors (7168K)
 Metaspace       used 76695K, committed 77056K, reserved 1179648K
  class space    used 8242K, committed 8384K, reserved 1048576K
}
Event: 44.500 GC heap before
{Heap before GC invocations=25 (full 0):
 garbage-first heap   total 171008K, used 154109K [0x000000008a800000, 0x0000000100000000)
  region size 1024K, 51 young (52224K), 7 survivors (7168K)
 Metaspace       used 83000K, committed 83456K, reserved 1179648K
  class space    used 8831K, committed 9024K, reserved 1048576K
}
Event: 44.530 GC heap after
{Heap after GC invocations=26 (full 0):
 garbage-first heap   total 171008K, used 113835K [0x000000008a800000, 0x0000000100000000)
  region size 1024K, 5 young (5120K), 5 survivors (5120K)
 Metaspace       used 83000K, committed 83456K, reserved 1179648K
  class space    used 8831K, committed 9024K, reserved 1048576K
}
Event: 47.419 GC heap before
{Heap before GC invocations=27 (full 0):
 garbage-first heap   total 191488K, used 155819K [0x000000008a800000, 0x0000000100000000)
  region size 1024K, 46 young (47104K), 5 survivors (5120K)
 Metaspace       used 89098K, committed 89472K, reserved 1179648K
  class space    used 9333K, committed 9472K, reserved 1048576K
}
Event: 47.435 GC heap after
{Heap after GC invocations=28 (full 0):
 garbage-first heap   total 191488K, used 116810K [0x000000008a800000, 0x0000000100000000)
  region size 1024K, 4 young (4096K), 4 survivors (4096K)
 Metaspace       used 89098K, committed 89472K, reserved 1179648K
  class space    used 9333K, committed 9472K, reserved 1048576K
}

Dll operation events (9 events):
Event: 0.037 Loaded shared library C:\Users\Lenovo\.vscode\extensions\redhat.java-1.54.0-win32-x64\jre\21.0.10-win32-x86_64\bin\java.dll
Event: 0.198 Loaded shared library C:\Users\Lenovo\.vscode\extensions\redhat.java-1.54.0-win32-x64\jre\21.0.10-win32-x86_64\bin\net.dll
Event: 0.206 Loaded shared library C:\Users\Lenovo\.vscode\extensions\redhat.java-1.54.0-win32-x64\jre\21.0.10-win32-x86_64\bin\nio.dll
Event: 0.274 Loaded shared library C:\Users\Lenovo\.vscode\extensions\redhat.java-1.54.0-win32-x64\jre\21.0.10-win32-x86_64\bin\zip.dll
Event: 0.346 Loaded shared library C:\Users\Lenovo\.vscode\extensions\redhat.java-1.54.0-win32-x64\jre\21.0.10-win32-x86_64\bin\zip.dll
Event: 0.376 Loaded shared library C:\Users\Lenovo\.vscode\extensions\redhat.java-1.54.0-win32-x64\jre\21.0.10-win32-x86_64\bin\jimage.dll
Event: 2.345 Loaded shared library C:\Users\Lenovo\.vscode\extensions\redhat.java-1.54.0-win32-x64\jre\21.0.10-win32-x86_64\bin\management.dll
Event: 2.369 Loaded shared library C:\Users\Lenovo\.vscode\extensions\redhat.java-1.54.0-win32-x64\jre\21.0.10-win32-x86_64\bin\management_ext.dll
Event: 7.297 Loaded shared library C:\Users\Lenovo\.vscode\extensions\redhat.java-1.54.0-win32-x64\jre\21.0.10-win32-x86_64\bin\verify.dll

Deoptimization events (20 events):
Event: 48.784 Thread 0x000001cf8941b8d0 Uncommon trap: trap_request=0xffffffde fr.pc=0x000001cf9672b294 relative=0x00000000000000d4
Event: 48.784 Thread 0x000001cf8941b8d0 Uncommon trap: reason=class_check action=maybe_recompile pc=0x000001cf9672b294 method=org.jetbrains.kotlin.codegen.coroutines.UninitializedStoresProcessor$UninitializedNewValueMarkerInterpreter.merge(Lorg/jetbrains/org/objectweb/asm/tree/analysis/Value;Lo
Event: 48.785 Thread 0x000001cf8941b8d0 DEOPT PACKING pc=0x000001cf9672b294 sp=0x00000022b47fd770
Event: 48.785 Thread 0x000001cf8941b8d0 DEOPT UNPACKING pc=0x000001cf95ef4422 sp=0x00000022b47fd6f0 mode 2
Event: 48.800 Thread 0x000001cf8941b8d0 Uncommon trap: trap_request=0xffffffde fr.pc=0x000001cf9688d840 relative=0x00000000000007c0
Event: 48.800 Thread 0x000001cf8941b8d0 Uncommon trap: reason=class_check action=maybe_recompile pc=0x000001cf9688d840 method=org.jetbrains.org.objectweb.asm.tree.analysis.SourceInterpreter.merge(Lorg/jetbrains/org/objectweb/asm/tree/analysis/SourceValue;Lorg/jetbrains/org/objectweb/asm/tree/an
Event: 48.800 Thread 0x000001cf8941b8d0 DEOPT PACKING pc=0x000001cf9688d840 sp=0x00000022b47fd480
Event: 48.800 Thread 0x000001cf8941b8d0 DEOPT UNPACKING pc=0x000001cf95ef4422 sp=0x00000022b47fd440 mode 2
Event: 48.800 Thread 0x000001cf8941b8d0 Uncommon trap: trap_request=0xffffffde fr.pc=0x000001cf9688d840 relative=0x00000000000007c0
Event: 48.800 Thread 0x000001cf8941b8d0 Uncommon trap: reason=class_check action=maybe_recompile pc=0x000001cf9688d840 method=org.jetbrains.org.objectweb.asm.tree.analysis.SourceInterpreter.merge(Lorg/jetbrains/org/objectweb/asm/tree/analysis/SourceValue;Lorg/jetbrains/org/objectweb/asm/tree/an
Event: 48.800 Thread 0x000001cf8941b8d0 DEOPT PACKING pc=0x000001cf9688d840 sp=0x00000022b47fd480
Event: 48.800 Thread 0x000001cf8941b8d0 DEOPT UNPACKING pc=0x000001cf95ef4422 sp=0x00000022b47fd440 mode 2
Event: 48.800 Thread 0x000001cf8941b8d0 Uncommon trap: trap_request=0xffffffde fr.pc=0x000001cf9688d840 relative=0x00000000000007c0
Event: 48.800 Thread 0x000001cf8941b8d0 Uncommon trap: reason=class_check action=maybe_recompile pc=0x000001cf9688d840 method=org.jetbrains.org.objectweb.asm.tree.analysis.SourceInterpreter.merge(Lorg/jetbrains/org/objectweb/asm/tree/analysis/SourceValue;Lorg/jetbrains/org/objectweb/asm/tree/an
Event: 48.800 Thread 0x000001cf8941b8d0 DEOPT PACKING pc=0x000001cf9688d840 sp=0x00000022b47fd480
Event: 48.800 Thread 0x000001cf8941b8d0 DEOPT UNPACKING pc=0x000001cf95ef4422 sp=0x00000022b47fd440 mode 2
Event: 48.800 Thread 0x000001cf8941b8d0 Uncommon trap: trap_request=0xffffffde fr.pc=0x000001cf9688d840 relative=0x00000000000007c0
Event: 48.800 Thread 0x000001cf8941b8d0 Uncommon trap: reason=class_check action=maybe_recompile pc=0x000001cf9688d840 method=org.jetbrains.org.objectweb.asm.tree.analysis.SourceInterpreter.merge(Lorg/jetbrains/org/objectweb/asm/tree/analysis/SourceValue;Lorg/jetbrains/org/objectweb/asm/tree/an
Event: 48.800 Thread 0x000001cf8941b8d0 DEOPT PACKING pc=0x000001cf9688d840 sp=0x00000022b47fd480
Event: 48.800 Thread 0x000001cf8941b8d0 DEOPT UNPACKING pc=0x000001cf95ef4422 sp=0x00000022b47fd440 mode 2

Classes loaded (20 events):
Event: 18.155 Loading class java/util/RegularEnumSet$EnumSetIterator
Event: 18.155 Loading class java/util/RegularEnumSet$EnumSetIterator done
Event: 19.219 Loading class java/util/AbstractList$RandomAccessSubList
Event: 19.219 Loading class java/util/AbstractList$RandomAccessSubList done
Event: 21.856 Loading class java/lang/Byte$ByteCache
Event: 21.856 Loading class java/lang/Byte$ByteCache done
Event: 21.938 Loading class java/lang/Short$ShortCache
Event: 21.939 Loading class java/lang/Short$ShortCache done
Event: 37.556 Loading class java/util/Formatter$FixedString
Event: 37.557 Loading class java/util/Formatter$FixedString done
Event: 42.439 Loading class java/util/IdentityHashMap$EntrySet
Event: 42.440 Loading class java/util/IdentityHashMap$EntrySet done
Event: 42.440 Loading class java/util/IdentityHashMap$EntryIterator
Event: 42.440 Loading class java/util/IdentityHashMap$EntryIterator done
Event: 42.440 Loading class java/util/IdentityHashMap$EntryIterator$Entry
Event: 42.441 Loading class java/util/IdentityHashMap$EntryIterator$Entry done
Event: 44.865 Loading class java/lang/TypeNotPresentException
Event: 44.865 Loading class java/lang/TypeNotPresentException done
Event: 45.286 Loading class java/util/Vector$Itr
Event: 45.287 Loading class java/util/Vector$Itr done

Classes unloaded (0 events):
No events

Classes redefined (0 events):
No events

Internal exceptions (20 events):
Event: 38.721 Thread 0x000001cf8941b8d0 Exception <a 'java/lang/NoSuchMethodError'{0x000000009378adc0}: 'java.lang.Object java.lang.invoke.DirectMethodHandle$Holder.invokeStatic(java.lang.Object, java.lang.Object, java.lang.Object, int, int)'> (0x000000009378adc0) 
thrown [s\src\hotspot\share\interpreter\linkResolver.cpp, line 773]
Event: 40.831 Thread 0x000001cf8941b8d0 Exception <a 'java/lang/NoSuchMethodError'{0x000000009465f358}: 'java.lang.Object java.lang.invoke.DirectMethodHandle$Holder.newInvokeSpecial(java.lang.Object, int, java.lang.Object, int)'> (0x000000009465f358) 
thrown [s\src\hotspot\share\interpreter\linkResolver.cpp, line 773]
Event: 40.833 Thread 0x000001cf8941b8d0 Exception <a 'java/lang/NoSuchMethodError'{0x0000000094663038}: 'java.lang.Object java.lang.invoke.DirectMethodHandle$Holder.invokeSpecial(java.lang.Object, java.lang.Object, int, java.lang.Object, int)'> (0x0000000094663038) 
thrown [s\src\hotspot\share\interpreter\linkResolver.cpp, line 773]
Event: 42.151 Thread 0x000001cf8941b8d0 Exception <a 'java/lang/NoSuchMethodError'{0x00000000938f8af8}: 'java.lang.Object java.lang.invoke.DirectMethodHandle$Holder.invokeStatic(java.lang.Object, java.lang.Object, int, java.lang.Object)'> (0x00000000938f8af8) 
thrown [s\src\hotspot\share\interpreter\linkResolver.cpp, line 773]
Event: 42.415 Thread 0x000001cf8941b8d0 Exception <a 'java/lang/NoSuchMethodError'{0x00000000935b1348}: 'java.lang.Object java.lang.invoke.DirectMethodHandle$Holder.newInvokeSpecial(java.lang.Object, java.lang.Object, java.lang.Object, java.lang.Object, int, java.lang.Object)'> (0x00000000935b1348) 
thrown [s\src\hotspot\share\interpreter\linkResolver.cpp, line 773]
Event: 42.416 Thread 0x000001cf8941b8d0 Exception <a 'java/lang/NoSuchMethodError'{0x00000000935b5680}: 'java.lang.Object java.lang.invoke.DirectMethodHandle$Holder.invokeSpecial(java.lang.Object, java.lang.Object, java.lang.Object, java.lang.Object, java.lang.Object, int, java.lang.Object)'> (0x00000000935b5680) 
thrown [s\src\hotspot\share\interpreter\linkResolver.cpp, line 773]
Event: 42.417 Thread 0x000001cf8941b8d0 Exception <a 'java/lang/NoSuchMethodError'{0x00000000935b9258}: 'java.lang.Object java.lang.invoke.Invokers$Holder.linkToTargetMethod(java.lang.Object, java.lang.Object, java.lang.Object, int, java.lang.Object, java.lang.Object)'> (0x00000000935b9258) 
thrown [s\src\hotspot\share\interpreter\linkResolver.cpp, line 773]
Event: 42.521 Thread 0x000001cf8941b8d0 Exception <a 'java/lang/NoSuchMethodError'{0x00000000934f4430}: 'java.lang.Object java.lang.invoke.DirectMethodHandle$Holder.invokeStaticInit(java.lang.Object, java.lang.Object, int, java.lang.Object)'> (0x00000000934f4430) 
thrown [s\src\hotspot\share\interpreter\linkResolver.cpp, line 773]
Event: 43.734 Thread 0x000001cf8941b8d0 Exception <a 'java/lang/NoSuchMethodError'{0x00000000928e3fb8}: 'java.lang.Object java.lang.invoke.DirectMethodHandle$Holder.newInvokeSpecial(java.lang.Object, java.lang.Object, int, java.lang.Object)'> (0x00000000928e3fb8) 
thrown [s\src\hotspot\share\interpreter\linkResolver.cpp, line 773]
Event: 43.738 Thread 0x000001cf8941b8d0 Exception <a 'java/lang/NoSuchMethodError'{0x00000000928e7d78}: 'java.lang.Object java.lang.invoke.DirectMethodHandle$Holder.invokeSpecial(java.lang.Object, java.lang.Object, java.lang.Object, int, java.lang.Object)'> (0x00000000928e7d78) 
thrown [s\src\hotspot\share\interpreter\linkResolver.cpp, line 773]
Event: 43.740 Thread 0x000001cf8941b8d0 Exception <a 'java/lang/NoSuchMethodError'{0x00000000928eb748}: 'java.lang.Object java.lang.invoke.Invokers$Holder.linkToTargetMethod(java.lang.Object, int, java.lang.Object, java.lang.Object)'> (0x00000000928eb748) 
thrown [s\src\hotspot\share\interpreter\linkResolver.cpp, line 773]
Event: 45.139 Thread 0x000001cf8941b8d0 Exception <a 'java/lang/NoSuchMethodError'{0x00000000959aa1e0}: 'java.lang.Object java.lang.invoke.DirectMethodHandle$Holder.invokeStatic(java.lang.Object, int, int)'> (0x00000000959aa1e0) 
thrown [s\src\hotspot\share\interpreter\linkResolver.cpp, line 773]
Event: 45.414 Thread 0x000001cf8941b8d0 Exception <a 'java/lang/NoSuchMethodError'{0x0000000095598938}: 'java.lang.Object java.lang.invoke.DirectMethodHandle$Holder.invokeStatic(java.lang.Object, java.lang.Object, java.lang.Object, int, java.lang.Object, java.lang.Object, java.lang.Object, java.lang.Object)'> (0x0000000095598938) 
thrown [s\src\hotspot\share\interpreter\linkResolver.cpp, line 773]
Event: 45.571 Thread 0x000001cf8941b8d0 Exception <a 'java/lang/NoSuchMethodError'{0x00000000954b1c80}: 'java.lang.Object java.lang.invoke.DirectMethodHandle$Holder.invokeStatic(java.lang.Object, java.lang.Object, java.lang.Object, java.lang.Object, java.lang.Object, int, java.lang.Object, java.lang.Object)'> (0x00000000954b1c80) 
thrown [s\src\hotspot\share\interpreter\linkResolver.cpp, line 773]
Event: 45.573 Thread 0x000001cf8941b8d0 Exception <a 'java/lang/NoSuchMethodError'{0x00000000954ba9e8}: 'java.lang.Object java.lang.invoke.DirectMethodHandle$Holder.newInvokeSpecial(java.lang.Object, java.lang.Object, java.lang.Object, java.lang.Object, java.lang.Object, int, java.lang.Object)'> (0x00000000954ba9e8) 
thrown [s\src\hotspot\share\interpreter\linkResolver.cpp, line 773]
Event: 45.574 Thread 0x000001cf8941b8d0 Exception <a 'java/lang/NoSuchMethodError'{0x00000000954beb98}: 'java.lang.Object java.lang.invoke.DirectMethodHandle$Holder.invokeSpecial(java.lang.Object, java.lang.Object, java.lang.Object, java.lang.Object, java.lang.Object, java.lang.Object, int, java.lang.Object)'> (0x00000000954beb98) 
thrown [s\src\hotspot\share\interpreter\linkResolver.cpp, line 773]
Event: 45.574 Thread 0x000001cf8941b8d0 Exception <a 'java/lang/NoSuchMethodError'{0x00000000954c2308}: 'java.lang.Object java.lang.invoke.Invokers$Holder.linkToTargetMethod(java.lang.Object, java.lang.Object, java.lang.Object, java.lang.Object, int, java.lang.Object, java.lang.Object)'> (0x00000000954c2308) 
thrown [s\src\hotspot\share\interpreter\linkResolver.cpp, line 773]
Event: 45.671 Thread 0x000001cf8941b8d0 Exception <a 'java/lang/NoSuchMethodError'{0x00000000952bf900}: 'java.lang.Object java.lang.invoke.DirectMethodHandle$Holder.newInvokeSpecial(java.lang.Object, java.lang.Object, java.lang.Object, java.lang.Object, int, int, int, java.lang.Object)'> (0x00000000952bf900) 
thrown [s\src\hotspot\share\interpreter\linkResolver.cpp, line 773]
Event: 46.723 Thread 0x000001cf8941b8d0 Implicit null exception at 0x000001cf965f3430 to 0x000001cf965f371c
Event: 48.709 Thread 0x000001cf8941b8d0 Implicit null exception at 0x000001cf9685696c to 0x000001cf968579e8

ZGC Phase Switch (0 events):
No events

VM Operations (20 events):
Event: 46.575 Executing non-safepoint VM operation: HandshakeAllThreads (Deoptimize)
Event: 46.575 Executing non-safepoint VM operation: HandshakeAllThreads (Deoptimize) done
Event: 46.635 Executing non-safepoint VM operation: HandshakeAllThreads (Deoptimize)
Event: 46.635 Executing non-safepoint VM operation: HandshakeAllThreads (Deoptimize) done
Event: 46.844 Executing safepoint VM operation: ICBufferFull
Event: 46.845 Executing safepoint VM operation: ICBufferFull done
Event: 47.137 Executing safepoint VM operation: ICBufferFull
Event: 47.137 Executing safepoint VM operation: ICBufferFull done
Event: 47.418 Executing safepoint VM operation: G1CollectForAllocation (G1 Evacuation Pause)
Event: 47.435 Executing safepoint VM operation: G1CollectForAllocation (G1 Evacuation Pause) done
Event: 47.786 Executing non-safepoint VM operation: HandshakeAllThreads (Deoptimize)
Event: 47.787 Executing non-safepoint VM operation: HandshakeAllThreads (Deoptimize) done
Event: 47.795 Executing safepoint VM operation: ICBufferFull
Event: 47.796 Executing safepoint VM operation: ICBufferFull done
Event: 48.008 Executing non-safepoint VM operation: HandshakeAllThreads (Deoptimize)
Event: 48.008 Executing non-safepoint VM operation: HandshakeAllThreads (Deoptimize) done
Event: 48.145 Executing safepoint VM operation: ICBufferFull
Event: 48.145 Executing safepoint VM operation: ICBufferFull done
Event: 48.673 Executing safepoint VM operation: ICBufferFull
Event: 48.673 Executing safepoint VM operation: ICBufferFull done

Memory protections (0 events):
No events

Nmethod flushes (20 events):
Event: 44.759 Thread 0x000001cfa35004d0 flushing  nmethod 0x000001cf90af5c10
Event: 44.759 Thread 0x000001cfa35004d0 flushing  nmethod 0x000001cf90af6890
Event: 44.759 Thread 0x000001cfa35004d0 flushing  nmethod 0x000001cf90bb8c90
Event: 44.759 Thread 0x000001cfa35004d0 flushing  nmethod 0x000001cf90bb9010
Event: 44.759 Thread 0x000001cfa35004d0 flushing  nmethod 0x000001cf90bfbd90
Event: 44.759 Thread 0x000001cfa35004d0 flushing  nmethod 0x000001cf90cd0f10
Event: 44.759 Thread 0x000001cfa35004d0 flushing  nmethod 0x000001cf90cd3710
Event: 44.759 Thread 0x000001cfa35004d0 flushing  nmethod 0x000001cf90de1b10
Event: 44.759 Thread 0x000001cfa35004d0 flushing  nmethod 0x000001cf90de2310
Event: 44.759 Thread 0x000001cfa35004d0 flushing  nmethod 0x000001cf90deb110
Event: 44.759 Thread 0x000001cfa35004d0 flushing  nmethod 0x000001cf90deca90
Event: 44.759 Thread 0x000001cfa35004d0 flushing  nmethod 0x000001cf90dece90
Event: 44.759 Thread 0x000001cfa35004d0 flushing  nmethod 0x000001cf90df0110
Event: 44.759 Thread 0x000001cfa35004d0 flushing  nmethod 0x000001cf90df0610
Event: 44.759 Thread 0x000001cfa35004d0 flushing  nmethod 0x000001cf90df1490
Event: 44.759 Thread 0x000001cfa35004d0 flushing  nmethod 0x000001cf90df2b10
Event: 44.759 Thread 0x000001cfa35004d0 flushing  nmethod 0x000001cf90df3d90
Event: 44.759 Thread 0x000001cfa35004d0 flushing  nmethod 0x000001cf90e6a810
Event: 44.759 Thread 0x000001cfa35004d0 flushing  nmethod 0x000001cf90e6ad90
Event: 44.759 Thread 0x000001cfa35004d0 flushing  nmethod 0x000001cf90ee7190

Events (20 events):
Event: 31.133 Thread 0x000001cfefcf8720 Thread exited: 0x000001cfefcf8720
Event: 31.528 Thread 0x000001cfefcf8050 Thread exited: 0x000001cfefcf8050
Event: 31.834 Thread 0x000001cfa3879890 Thread added: 0x000001cfeb2d6e50
Event: 32.072 Thread 0x000001cfead7dd40 Thread added: 0x000001cfeb2daba0
Event: 36.182 Thread 0x000001cfeb2daba0 Thread exited: 0x000001cfeb2daba0
Event: 36.182 Thread 0x000001cfeb2d6e50 Thread exited: 0x000001cfeb2d6e50
Event: 36.204 Thread 0x000001cfa35349e0 Thread added: 0x000001cfefcf8720
Event: 36.727 Thread 0x000001cfefcf8720 Thread exited: 0x000001cfefcf8720
Event: 36.768 Thread 0x000001cfefcf6be0 Thread exited: 0x000001cfefcf6be0
Event: 37.118 Thread 0x000001cfa35349e0 Thread added: 0x000001cfefcf8720
Event: 38.366 Thread 0x000001cfa3895a60 Thread added: 0x000001cff0655e70
Event: 40.608 Thread 0x000001cff0655e70 Thread exited: 0x000001cff0655e70
Event: 40.953 Thread 0x000001cfa3895a60 Thread added: 0x000001cff0653590
Event: 42.007 Thread 0x000001cff0653590 Thread exited: 0x000001cff0653590
Event: 42.352 Thread 0x000001cfefcf8720 Thread exited: 0x000001cfefcf8720
Event: 42.756 Thread 0x000001cfa3879890 Thread added: 0x000001cff0658750
Event: 42.817 Thread 0x000001cfa35398b0 Thread added: 0x000001cff0658e20
Event: 45.154 Thread 0x000001cff0658e20 Thread exited: 0x000001cff0658e20
Event: 45.788 Thread 0x000001cff0658750 Thread exited: 0x000001cff0658750
Event: 46.078 Thread 0x000001cfa35398b0 Thread added: 0x000001cfebfc9860


Dynamic libraries:
0x00007ff6e66e0000 - 0x00007ff6e66ee000 	C:\Users\Lenovo\.vscode\extensions\redhat.java-1.54.0-win32-x64\jre\21.0.10-win32-x86_64\bin\java.exe
0x00007ffe4a820000 - 0x00007ffe4aa86000 	C:\WINDOWS\SYSTEM32\ntdll.dll
0x00007ffe496b0000 - 0x00007ffe49779000 	C:\WINDOWS\System32\KERNEL32.DLL
0x00007ffe47c00000 - 0x00007ffe47ffa000 	C:\WINDOWS\System32\KERNELBASE.dll
0x00007ffe47ab0000 - 0x00007ffe47bfc000 	C:\WINDOWS\System32\ucrtbase.dll
0x00007ffe0d960000 - 0x00007ffe0d978000 	C:\Users\Lenovo\.vscode\extensions\redhat.java-1.54.0-win32-x64\jre\21.0.10-win32-x86_64\bin\jli.dll
0x00007ffe10ae0000 - 0x00007ffe10afe000 	C:\Users\Lenovo\.vscode\extensions\redhat.java-1.54.0-win32-x64\jre\21.0.10-win32-x86_64\bin\VCRUNTIME140.dll
0x00007ffe48aa0000 - 0x00007ffe48c67000 	C:\WINDOWS\System32\USER32.dll
0x00007ffe48560000 - 0x00007ffe48587000 	C:\WINDOWS\System32\win32u.dll
0x00007ffe490b0000 - 0x00007ffe490db000 	C:\WINDOWS\System32\GDI32.dll
0x00007ffe482d0000 - 0x00007ffe483fb000 	C:\WINDOWS\System32\gdi32full.dll
0x00007ffe48400000 - 0x00007ffe484a3000 	C:\WINDOWS\System32\msvcp_win.dll
0x00007ffe35090000 - 0x00007ffe35322000 	C:\WINDOWS\WinSxS\amd64_microsoft.windows.common-controls_6595b64144ccf1df_6.0.26100.8521_none_3e08b75ce33403b3\COMCTL32.dll
0x00007ffe48d70000 - 0x00007ffe48e19000 	C:\WINDOWS\System32\msvcrt.dll
0x00007ffe4a550000 - 0x00007ffe4a582000 	C:\WINDOWS\System32\IMM32.DLL
0x0000000065a40000 - 0x0000000065a4d000 	C:\Program Files (x86)\360\Total Security\safemon\SafeWrapper.dll
0x00007ffe48fe0000 - 0x00007ffe49096000 	C:\WINDOWS\System32\ADVAPI32.dll
0x00007ffe4a730000 - 0x00007ffe4a7da000 	C:\WINDOWS\System32\sechost.dll
0x00007ffe4a610000 - 0x00007ffe4a728000 	C:\WINDOWS\System32\RPCRT4.dll
0x00007ffe428f0000 - 0x00007ffe429f5000 	C:\Program Files (x86)\360\Total Security\safemon\libzdtp64.dll
0x00007ffe49dc0000 - 0x00007ffe4a544000 	C:\WINDOWS\System32\SHELL32.dll
0x00007ffe4a590000 - 0x00007ffe4a5f7000 	C:\WINDOWS\System32\SHLWAPI.dll
0x00007ffe47590000 - 0x00007ffe4759b000 	C:\WINDOWS\SYSTEM32\VERSION.dll
0x00007ffe2e280000 - 0x00007ffe2e28c000 	C:\Users\Lenovo\.vscode\extensions\redhat.java-1.54.0-win32-x64\jre\21.0.10-win32-x86_64\bin\vcruntime140_1.dll
0x00007ffdccef0000 - 0x00007ffdccf7d000 	C:\Users\Lenovo\.vscode\extensions\redhat.java-1.54.0-win32-x64\jre\21.0.10-win32-x86_64\bin\msvcp140.dll
0x00007ffda3fd0000 - 0x00007ffda4d71000 	C:\Users\Lenovo\.vscode\extensions\redhat.java-1.54.0-win32-x64\jre\21.0.10-win32-x86_64\bin\server\jvm.dll
0x00007ffe49250000 - 0x00007ffe492d0000 	C:\WINDOWS\System32\WS2_32.dll
0x00007ffe47910000 - 0x00007ffe4796e000 	C:\WINDOWS\SYSTEM32\POWRPROF.dll
0x00007ffe41590000 - 0x00007ffe415c6000 	C:\WINDOWS\SYSTEM32\WINMM.dll
0x00007ffe478f0000 - 0x00007ffe47904000 	C:\WINDOWS\SYSTEM32\UMPDC.dll
0x00007ffe46790000 - 0x00007ffe467ab000 	C:\WINDOWS\SYSTEM32\kernel.appcore.dll
0x00007ffe29290000 - 0x00007ffe2929a000 	C:\Users\Lenovo\.vscode\extensions\redhat.java-1.54.0-win32-x64\jre\21.0.10-win32-x86_64\bin\jimage.dll
0x00007ffe3b570000 - 0x00007ffe3b7b2000 	C:\WINDOWS\SYSTEM32\DBGHELP.DLL
0x00007ffe49a20000 - 0x00007ffe49da3000 	C:\WINDOWS\System32\combase.dll
0x00007ffe49170000 - 0x00007ffe49249000 	C:\WINDOWS\System32\OLEAUT32.dll
0x00007ffe23c90000 - 0x00007ffe23ccb000 	C:\WINDOWS\SYSTEM32\dbgcore.DLL
0x00007ffe484b0000 - 0x00007ffe48558000 	C:\WINDOWS\System32\bcryptPrimitives.dll
0x00007ffe124b0000 - 0x00007ffe124d0000 	C:\Users\Lenovo\.vscode\extensions\redhat.java-1.54.0-win32-x64\jre\21.0.10-win32-x86_64\bin\java.dll
0x00007ffe455c0000 - 0x00007ffe45e40000 	C:\WINDOWS\SYSTEM32\windows.storage.dll
0x00007ffe49780000 - 0x00007ffe49876000 	C:\WINDOWS\System32\SHCORE.dll
0x00007ffe479d0000 - 0x00007ffe479f9000 	C:\WINDOWS\SYSTEM32\profapi.dll
0x00007ffe24130000 - 0x00007ffe24140000 	C:\Users\Lenovo\.vscode\extensions\redhat.java-1.54.0-win32-x64\jre\21.0.10-win32-x86_64\bin\net.dll
0x00007ffe3e7a0000 - 0x00007ffe3e8c9000 	C:\WINDOWS\SYSTEM32\WINHTTP.dll
0x00007ffe46ce0000 - 0x00007ffe46d4c000 	C:\WINDOWS\system32\mswsock.dll
0x00007ffe0d8c0000 - 0x00007ffe0d8d6000 	C:\Users\Lenovo\.vscode\extensions\redhat.java-1.54.0-win32-x64\jre\21.0.10-win32-x86_64\bin\nio.dll
0x00007ffe10980000 - 0x00007ffe10998000 	C:\Users\Lenovo\.vscode\extensions\redhat.java-1.54.0-win32-x64\jre\21.0.10-win32-x86_64\bin\zip.dll
0x00007ffe42870000 - 0x00007ffe4287a000 	C:\Users\Lenovo\.vscode\extensions\redhat.java-1.54.0-win32-x64\jre\21.0.10-win32-x86_64\bin\management.dll
0x00007ffe3d3a0000 - 0x00007ffe3d3ac000 	C:\Users\Lenovo\.vscode\extensions\redhat.java-1.54.0-win32-x64\jre\21.0.10-win32-x86_64\bin\management_ext.dll
0x00007ffe49db0000 - 0x00007ffe49db8000 	C:\WINDOWS\System32\PSAPI.DLL
0x00007ffe19c00000 - 0x00007ffe19c10000 	C:\Users\Lenovo\.vscode\extensions\redhat.java-1.54.0-win32-x64\jre\21.0.10-win32-x86_64\bin\verify.dll

JVMTI agents: none

dbghelp: loaded successfully - version: 4.0.5 - missing functions: none
symbol engine: initialized successfully - sym options: 0x614 - pdb path: .;C:\Users\Lenovo\.vscode\extensions\redhat.java-1.54.0-win32-x64\jre\21.0.10-win32-x86_64\bin;C:\WINDOWS\SYSTEM32;C:\WINDOWS\WinSxS\amd64_microsoft.windows.common-controls_6595b64144ccf1df_6.0.26100.8521_none_3e08b75ce33403b3;C:\Program Files (x86)\360\Total Security\safemon;C:\Users\Lenovo\.vscode\extensions\redhat.java-1.54.0-win32-x64\jre\21.0.10-win32-x86_64\bin\server

VM Arguments:
java_command: org.jetbrains.kotlin.cli.jvm.K2JVMCompiler @C:\Users\Lenovo\Downloads\portofolio\flutter\packages\flutter_tools\gradle\build\20260622_13851939224937847516.compiler.options
java_class_path (initial): C:\Users\Lenovo\.gradle\caches\modules-2\files-2.1\org.jetbrains.kotlin\kotlin-compiler-embeddable\2.2.20\bb8331b7585e36ea311825b01a1c06860c055fd1\kotlin-compiler-embeddable-2.2.20.jar;C:\Users\Lenovo\.gradle\caches\modules-2\files-2.1\org.jetbrains.kotlin\kotlin-stdlib\2.2.20\5380b19fa1924399b62ce3a1faffebb2b4f82272\kotlin-stdlib-2.2.20.jar;C:\Users\Lenovo\.gradle\caches\modules-2\files-2.1\org.jetbrains.kotlin\kotlin-script-runtime\2.2.20\4c679cbeac0bb583b75c3a080013da8eaf240807\kotlin-script-runtime-2.2.20.jar;C:\Users\Lenovo\.gradle\caches\modules-2\files-2.1\org.jetbrains.kotlin\kotlin-reflect\1.6.10\1cbe9c92c12a94eea200d23c2bbaedaf3daf5132\kotlin-reflect-1.6.10.jar;C:\Users\Lenovo\.gradle\caches\modules-2\files-2.1\org.jetbrains.kotlin\kotlin-daemon-embeddable\2.2.20\feff12d48d7f1eb628742b0a721395e16f8755bf\kotlin-daemon-embeddable-2.2.20.jar;C:\Users\Lenovo\.gradle\caches\modules-2\files-2.1\org.jetbrains.kotlinx\kotlinx-coroutines-core-jvm\1.8.0\ac1dc37a30a93150b704022f8d895ee1bd3a36b3\kotlinx-coroutines-core-jvm-1.8.0.jar;C:\Users\Lenovo\.gradle\caches\modules-2\files-2.1\org.jetbrains\annotations\13.0\919f0dfe192fb4e063e7dacadee7f8bb9a2672a9\annotations-13.0.jar
Launcher Type: SUN_STANDARD

[Global flags]
     intx CICompilerCount                          = 12                                        {product} {ergonomic}
     uint ConcGCThreads                            = 3                                         {product} {ergonomic}
     uint G1ConcRefinementThreads                  = 13                                        {product} {ergonomic}
   size_t G1HeapRegionSize                         = 1048576                                   {product} {ergonomic}
    uintx GCDrainStackTargetSize                   = 64                                        {product} {ergonomic}
   size_t InitialHeapSize                          = 123731968                                 {product} {ergonomic}
   size_t MarkStackSize                            = 4194304                                   {product} {ergonomic}
   size_t MaxHeapSize                              = 1971322880                                {product} {ergonomic}
   size_t MaxNewSize                               = 1182793728                                {product} {ergonomic}
   size_t MinHeapDeltaBytes                        = 1048576                                   {product} {ergonomic}
   size_t MinHeapSize                              = 8388608                                   {product} {ergonomic}
    uintx NonNMethodCodeHeapSize                   = 7602480                                {pd product} {ergonomic}
    uintx NonProfiledCodeHeapSize                  = 122027880                              {pd product} {ergonomic}
    uintx ProfiledCodeHeapSize                     = 122027880                              {pd product} {ergonomic}
    uintx ReservedCodeCacheSize                    = 251658240                              {pd product} {ergonomic}
     bool SegmentedCodeCache                       = true                                      {product} {ergonomic}
   size_t SoftMaxHeapSize                          = 1971322880                             {manageable} {ergonomic}
     bool UseCompressedOops                        = true                           {product lp64_product} {ergonomic}
     bool UseG1GC                                  = true                                      {product} {ergonomic}
     bool UseLargePagesIndividualAllocation        = false                                  {pd product} {ergonomic}

Logging:
Log output configuration:
 #0: stdout all=warning uptime,level,tags foldmultilines=false
 #1: stderr all=off uptime,level,tags foldmultilines=false

Release file:
JAVA_VERSION="21.0.10" 
MODULES="java.base java.compiler java.datatransfer java.xml java.prefs java.desktop java.instrument java.logging java.management java.security.sasl java.naming java.rmi java.management.rmi java.net.http java.scripting java.security.jgss java.transaction.xa java.sql java.sql.rowset java.xml.crypto java.se java.smartcardio jdk.accessibility jdk.internal.jvmstat jdk.attach jdk.charsets jdk.internal.opt jdk.zipfs jdk.compiler jdk.crypto.ec jdk.crypto.cryptoki jdk.crypto.mscapi jdk.dynalink jdk.internal.ed jdk.editpad jdk.hotspot.agent jdk.httpserver jdk.internal.le jdk.internal.vm.ci jdk.internal.vm.compiler jdk.internal.vm.compiler.management jdk.jartool jdk.javadoc jdk.jcmd jdk.management jdk.management.agent jdk.jconsole jdk.jdeps jdk.jdwp.agent jdk.jdi jdk.jfr jdk.jshell jdk.jsobject jdk.jstatd jdk.localedata jdk.management.jfr jdk.naming.dns jdk.naming.rmi jdk.net jdk.nio.mapmode jdk.random jdk.sctp jdk.security.auth jdk.security.jgss jdk.unsupported jdk.unsupported.desktop jdk.xml.dom" 

Environment Variables:
PATH=C:\Program Files\Common Files\Oracle\Java\javapath;C:\Program Files (x86)\Common Files\Intel\Shared Libraries\redist\intel64\compiler;C:\WINDOWS\system32;C:\WINDOWS;C:\WINDOWS\System32\Wbem;C:\WINDOWS\System32\WindowsPowerShell\v1.0\;C:\WINDOWS\System32\OpenSSH\;C:\Program Files\dotnet\;C:\Program Files\nodejs\;C:\Program Files\Git\cmd;C:\Users\Lenovo\AppData\Local\Programs\Python\Launcher\;C:\Users\Lenovo\AppData\Local\Microsoft\WindowsApps;C:\Users\Lenovo\AppData\Local\Programs\Microsoft VS Code\bin;C:\Users\Lenovo\AppData\Local\Python\bin;C:\Users\Lenovo\AppData\Local\Unduhan\jdk-21\bin;C:\Users\Lenovo\AppData\Roaming\npm;C:\Users\Lenovo\AppData\Local\Programs\Antigravity\bin;C:\Users\Lenovo\flutter\bin;C:\src\flutter\bin;
USERNAME=Lenovo
OS=Windows_NT
PROCESSOR_IDENTIFIER=AMD64 Family 23 Model 104 Stepping 1, AuthenticAMD
TMP=C:\Users\Lenovo\AppData\Local\Temp
TEMP=C:\Users\Lenovo\AppData\Local\Temp




Periodic native trim disabled

---------------  S Y S T E M  ---------------

OS:
 Windows 11 , 64 bit Build 26100 (10.0.26100.8521)
OS uptime: 0 days 11:57 hours
Hyper-V role detected

CPU: total 16 (initial active 16) (16 cores per cpu, 2 threads per core) family 23 model 104 stepping 1 microcode 0x8608104, cx8, cmov, fxsr, ht, mmx, 3dnowpref, sse, sse2, sse3, ssse3, sse4a, sse4.1, sse4.2, popcnt, lzcnt, tsc, tscinvbit, avx, avx2, aes, clmul, bmi1, bmi2, adx, sha, fma, vzeroupper, clflush, clflushopt, hv, rdtscp, rdpid, f16c
Processor Information for the first 16 processors :
  Max Mhz: 1801, Current Mhz: 1440, Mhz Limit: 1801

Memory: 4k page, system-wide physical 7514M (658M free)
TotalPageFile size 31066M (AvailPageFile size 14M)
current process WorkingSet (physical memory assigned to process): 508M, peak: 508M
current process commit charge ("private bytes"): 550M, peak: 550M

vm_info: OpenJDK 64-Bit Server VM (21.0.10+7-LTS) for windows-amd64 JRE (21.0.10+7-LTS), built on 2026-01-20T00:00:00Z by "admin" with MS VC++ 17.12 (VS2022)

END.
